# name: test_disallows_extra_values
  '
  3 validation errors for PostCreateInput
  title
    field required (type=value_error.missing)
  published
    field required (type=value_error.missing)
  foo
    extra fields not permitted (type=value_error.extra)
  '
---
# name: test_disallows_non_typeddict_type
  "Only TypedDict types are supported, got: <class 'tests.test_validator.Foo'> instead."
---
# name: test_disallows_non_typeddict_type.1
  "Only TypedDict types are supported, got: <class 'dict'> instead."
---
# name: test_missing_values
  '
  2 validation errors for PostCreateInput
  title
    field required (type=value_error.missing)
  published
    field required (type=value_error.missing)
  '
---
# name: test_non_dictionary_values
  '
  1 validation error for UserCreateInput
  __root__
    UserCreateInput expected dict not NoneType (type=type_error)
  '
---
# name: test_patch_respects_arguments
  '
  1 validation error for UserCreateInput
  name
    field required (type=value_error.missing)
  '
---
# name: test_patch_respects_arguments.1
  '
  1 validation error for UserCreateInput
  foo
    extra fields not permitted (type=value_error.extra)
  '
---
# name: test_recursive
  '
  4 validation errors for FloatFilter
  not
    value is not a valid float (type=type_error.float)
  not -> not
    value is not a valid float (type=type_error.float)
  not -> not -> not
    value is not a valid float (type=type_error.float)
  not -> not -> not -> __root__
    FloatFilterRecursive3 expected dict not str (type=type_error)
  '
---
# name: test_validate_arguments
  '
  1 validation error for Create
  data -> name
    field required (type=value_error.missing)
  '
---
